// Jest Snapshot v1, https://goo.gl/fbAQLP

exports[`search 1`] = `"[object Object]"`;
